2026-01-16T23:50:07: 
2026-01-16T23:50:07: > lensvoyagev2@0.1.0 start
2026-01-16T23:50:07: > next start
2026-01-16T23:50:07: 
2026-01-16T23:50:07: ▲ Next.js 16.1.1
2026-01-16T23:50:07: - Local:         http://localhost:3010
2026-01-16T23:50:07: - Network:       http://72.60.43.104:3010
2026-01-16T23:50:07: 
2026-01-16T23:50:07: ✓ Starting...
2026-01-16T23:50:09: ✓ Ready in 1446ms
2026-01-16T23:50:42: ❌ MongoDB connection error: MongooseServerSelectionError: Could not connect to any servers in your MongoDB Atlas cluster. One common reason is that you're trying to access the database from an IP that isn't whitelisted. Make sure your current IP address is on your Atlas cluster's IP whitelist: https://www.mongodb.com/docs/atlas/security-whitelist/
2026-01-16T23:50:42:     at async s (.next/server/chunks/[root-of-the-server]__a10acf45._.js:1:1711)
2026-01-16T23:50:42:     at async b (.next/server/chunks/[root-of-the-server]__c84f8f29._.js:1:3143)
2026-01-16T23:50:42:     at async u (.next/server/chunks/[root-of-the-server]__c84f8f29._.js:1:7024)
2026-01-16T23:50:42:     at async l (.next/server/chunks/[root-of-the-server]__c84f8f29._.js:1:8065)
2026-01-16T23:50:42:     at async Module.O (.next/server/chunks/[root-of-the-server]__c84f8f29._.js:1:9143) {
2026-01-16T23:50:42:   errorLabelSet: Set(0) {},
2026-01-16T23:50:42:   reason: [TopologyDescription],
2026-01-16T23:50:42:   code: undefined,
2026-01-16T23:50:42:   [cause]: [TopologyDescription]
2026-01-16T23:50:42: }
2026-01-16T23:50:42: Get tours error: MongooseServerSelectionError: Could not connect to any servers in your MongoDB Atlas cluster. One common reason is that you're trying to access the database from an IP that isn't whitelisted. Make sure your current IP address is on your Atlas cluster's IP whitelist: https://www.mongodb.com/docs/atlas/security-whitelist/
2026-01-16T23:50:42:     at async s (.next/server/chunks/[root-of-the-server]__a10acf45._.js:1:1711)
2026-01-16T23:50:42:     at async b (.next/server/chunks/[root-of-the-server]__c84f8f29._.js:1:3143)
2026-01-16T23:50:42:     at async u (.next/server/chunks/[root-of-the-server]__c84f8f29._.js:1:7024)
2026-01-16T23:50:42:     at async l (.next/server/chunks/[root-of-the-server]__c84f8f29._.js:1:8065)
2026-01-16T23:50:42:     at async Module.O (.next/server/chunks/[root-of-the-server]__c84f8f29._.js:1:9143) {
2026-01-16T23:50:42:   errorLabelSet: Set(0) {},
2026-01-16T23:50:42:   reason: [TopologyDescription],
2026-01-16T23:50:42:   code: undefined,
2026-01-16T23:50:42:   [cause]: [TopologyDescription]
2026-01-16T23:50:42: }
2026-01-16T23:52:04: ✅ MongoDB connected successfully
2026-01-16T23:59:18: 
2026-01-16T23:59:18: > lensvoyagev2@0.1.0 start
2026-01-16T23:59:18: > next start
2026-01-16T23:59:18: 
2026-01-16T23:59:19: ▲ Next.js 16.1.1
2026-01-16T23:59:19: - Local:         http://localhost:3010
2026-01-16T23:59:19: - Network:       http://72.60.43.104:3010
2026-01-16T23:59:19: 
2026-01-16T23:59:19: ✓ Starting...
2026-01-16T23:59:20: ✓ Ready in 1483ms
2026-01-16T23:59:47: ✅ MongoDB connected successfully
2026-01-17T00:02:13: 
2026-01-17T00:02:13: > lensvoyagev2@0.1.0 start
2026-01-17T00:02:13: > next start
2026-01-17T00:02:13: 
2026-01-17T00:02:14: ▲ Next.js 16.1.1
2026-01-17T00:02:14: - Local:         http://localhost:3010
2026-01-17T00:02:14: - Network:       http://72.60.43.104:3010
2026-01-17T00:02:14: 
2026-01-17T00:02:14: ✓ Starting...
2026-01-17T00:02:15: ✓ Ready in 1384ms
2026-01-17T00:02:19: ✅ MongoDB connected successfully
2026-01-17T00:06:03: 
2026-01-17T00:06:03: > lensvoyagev2@0.1.0 start
2026-01-17T00:06:03: > next start
2026-01-17T00:06:03: 
2026-01-17T00:06:03: ▲ Next.js 16.1.1
2026-01-17T00:06:03: - Local:         http://localhost:3010
2026-01-17T00:06:03: - Network:       http://72.60.43.104:3010
2026-01-17T00:06:03: 
2026-01-17T00:06:03: ✓ Starting...
2026-01-17T00:06:04: ✓ Ready in 1456ms
2026-01-17T00:06:26: ✅ MongoDB connected successfully
2026-01-17T00:10:38: 
2026-01-17T00:10:38: > lensvoyagev2@0.1.0 start
2026-01-17T00:10:38: > next start
2026-01-17T00:10:38: 
2026-01-17T00:10:39: ▲ Next.js 16.1.1
2026-01-17T00:10:39: - Local:         http://localhost:3010
2026-01-17T00:10:39: - Network:       http://72.60.43.104:3010
2026-01-17T00:10:39: 
2026-01-17T00:10:39: ✓ Starting...
2026-01-17T00:10:40: ✓ Ready in 1294ms
2026-01-17T00:10:48: ✅ MongoDB connected successfully
2026-01-17T00:10:49: Fetching PDF from: https://res.cloudinary.com/dtbt6yj4m/raw/upload/v1768582994/lensvoyage/pdfs/file_bpgoko
2026-01-17T00:10:56: Fetching PDF from: https://res.cloudinary.com/dtbt6yj4m/raw/upload/v1768582994/lensvoyage/pdfs/file_bpgoko
2026-01-17T00:15:41: 
2026-01-17T00:15:41: > lensvoyagev2@0.1.0 start
2026-01-17T00:15:41: > next start
2026-01-17T00:15:41: 
2026-01-17T00:15:41: ▲ Next.js 16.1.1
2026-01-17T00:15:41: - Local:         http://localhost:3010
2026-01-17T00:15:41: - Network:       http://72.60.43.104:3010
2026-01-17T00:15:41: 
2026-01-17T00:15:41: ✓ Starting...
2026-01-17T00:15:42: ✓ Ready in 1335ms
2026-01-17T00:15:44: ✅ MongoDB connected successfully
2026-01-17T00:15:51: Fetching PDF from: https://res.cloudinary.com/dtbt6yj4m/raw/upload/v1768582994/lensvoyage/pdfs/file_bpgoko
2026-01-17T00:18:08: 
2026-01-17T00:18:08: > lensvoyagev2@0.1.0 start
2026-01-17T00:18:08: > next start
2026-01-17T00:18:08: 
2026-01-17T00:18:09: ▲ Next.js 16.1.1
2026-01-17T00:18:09: - Local:         http://localhost:3010
2026-01-17T00:18:09: - Network:       http://72.60.43.104:3010
2026-01-17T00:18:09: 
2026-01-17T00:18:09: ✓ Starting...
2026-01-17T00:18:10: ✓ Ready in 1412ms
2026-01-17T01:37:10: ✅ MongoDB connected successfully
2026-01-17T01:37:16: Fetching PDF from: https://res.cloudinary.com/dtbt6yj4m/raw/upload/v1768582994/lensvoyage/pdfs/file_bpgoko
2026-01-17T01:37:48: 
2026-01-17T01:37:48: > lensvoyagev2@0.1.0 start
2026-01-17T01:37:48: > next start
2026-01-17T01:37:48: 
2026-01-17T01:37:48: ▲ Next.js 16.1.1
2026-01-17T01:37:48: - Local:         http://localhost:3010
2026-01-17T01:37:48: - Network:       http://72.60.43.104:3010
2026-01-17T01:37:48: 
2026-01-17T01:37:48: ✓ Starting...
2026-01-17T01:37:49: ✓ Ready in 1356ms
2026-01-17T01:50:16: 
2026-01-17T01:50:16: > lensvoyagev2@0.1.0 start
2026-01-17T01:50:16: > next start
2026-01-17T01:50:16: 
2026-01-17T01:50:17: ▲ Next.js 16.1.1
2026-01-17T01:50:17: - Local:         http://localhost:3010
2026-01-17T01:50:17: - Network:       http://72.60.43.104:3010
2026-01-17T01:50:17: 
2026-01-17T01:50:17: ✓ Starting...
2026-01-17T01:50:18: ✓ Ready in 1365ms
2026-01-17T01:50:31: ✅ MongoDB connected successfully
2026-01-17T02:00:47: 
2026-01-17T02:00:47: > lensvoyagev2@0.1.0 start
2026-01-17T02:00:47: > next start
2026-01-17T02:00:47: 
2026-01-17T02:00:47: ▲ Next.js 16.1.1
2026-01-17T02:00:47: - Local:         http://localhost:3010
2026-01-17T02:00:47: - Network:       http://72.60.43.104:3010
2026-01-17T02:00:47: 
2026-01-17T02:00:47: ✓ Starting...
2026-01-17T02:00:48: ✓ Ready in 1422ms
2026-01-17T02:03:09: ✅ MongoDB connected successfully
2026-01-17T02:08:02: 
2026-01-17T02:08:02: > lensvoyagev2@0.1.0 start
2026-01-17T02:08:02: > next start
2026-01-17T02:08:02: 
2026-01-17T02:08:02: ▲ Next.js 16.1.1
2026-01-17T02:08:02: - Local:         http://localhost:3010
2026-01-17T02:08:02: - Network:       http://72.60.43.104:3010
2026-01-17T02:08:02: 
2026-01-17T02:08:02: ✓ Starting...
2026-01-17T02:08:03: ✓ Ready in 1397ms
2026-01-17T02:08:31: ✅ MongoDB connected successfully
2026-01-17T02:12:34: 
2026-01-17T02:12:34: > lensvoyagev2@0.1.0 start
2026-01-17T02:12:34: > next start
2026-01-17T02:12:34: 
2026-01-17T02:12:34: ▲ Next.js 16.1.1
2026-01-17T02:12:34: - Local:         http://localhost:3010
2026-01-17T02:12:34: - Network:       http://72.60.43.104:3010
2026-01-17T02:12:34: 
2026-01-17T02:12:34: ✓ Starting...
2026-01-17T02:12:35: ✓ Ready in 1194ms
2026-01-17T02:12:51: ✅ MongoDB connected successfully
2026-01-17T02:12:55: Fetching PDF from: https://res.cloudinary.com/dtbt6yj4m/raw/upload/v1768580851/lensvoyage/pdfs/pvp40bm8u7mi7v7zimmu.pdf
2026-01-17T02:12:55: PDF fetch failed: 401 Unauthorized
2026-01-17T02:13:02: Fetching PDF from: https://res.cloudinary.com/dtbt6yj4m/raw/upload/v1768580851/lensvoyage/pdfs/pvp40bm8u7mi7v7zimmu.pdf
2026-01-17T02:13:02: PDF fetch failed: 401 Unauthorized
2026-01-17T02:13:16: Fetching PDF from: https://res.cloudinary.com/dtbt6yj4m/raw/upload/v1768580851/lensvoyage/pdfs/pvp40bm8u7mi7v7zimmu.pdf
2026-01-17T02:13:16: PDF fetch failed: 401 Unauthorized
2026-01-17T02:13:24: Fetching PDF from: https://res.cloudinary.com/dtbt6yj4m/raw/upload/v1768580851/lensvoyage/pdfs/pvp40bm8u7mi7v7zimmu.pdf
2026-01-17T02:13:24: PDF fetch failed: 401 Unauthorized
2026-01-17T02:13:32: Fetching PDF from: https://res.cloudinary.com/dtbt6yj4m/raw/upload/v1768582994/lensvoyage/pdfs/file_bpgoko
2026-01-17T02:16:52: 
2026-01-17T02:16:52: > lensvoyagev2@0.1.0 start
2026-01-17T02:16:52: > next start
2026-01-17T02:16:52: 
2026-01-17T02:16:53: ▲ Next.js 16.1.1
2026-01-17T02:16:53: - Local:         http://localhost:3010
2026-01-17T02:16:53: - Network:       http://72.60.43.104:3010
2026-01-17T02:16:53: 
2026-01-17T02:16:53: ✓ Starting...
2026-01-17T02:16:54: ✓ Ready in 1250ms
2026-01-17T02:18:03: 
2026-01-17T02:18:03: > lensvoyagev2@0.1.0 start
2026-01-17T02:18:03: > next start
2026-01-17T02:18:03: 
2026-01-17T02:18:04: ▲ Next.js 16.1.1
2026-01-17T02:18:04: - Local:         http://localhost:3010
2026-01-17T02:18:04: - Network:       http://72.60.43.104:3010
2026-01-17T02:18:04: 
2026-01-17T02:18:04: ✓ Starting...
2026-01-17T02:18:05: ✓ Ready in 1322ms
2026-01-17T02:19:01: ✅ MongoDB connected successfully
2026-01-17T02:19:41: Error [InvariantError]: Invariant: The client reference manifest for route "/contact" does not exist. This is a bug in Next.js.
2026-01-17T02:19:41:     at Object.get (.next/server/chunks/ssr/_07720ad9._.js:1:12854)
2026-01-17T02:19:41: ⨯ Error [InvariantError]: Invariant: The client reference manifest for route "/contact" does not exist. This is a bug in Next.js.
2026-01-17T02:19:41:     at Object.get (.next/server/chunks/ssr/_07720ad9._.js:1:12854)
2026-01-17T02:19:41: ⨯ Error [InvariantError]: Invariant: The client reference manifest for route "/contact" does not exist. This is a bug in Next.js.
2026-01-17T02:19:41:     at Object.get (.next/server/chunks/ssr/_07720ad9._.js:1:12854)
2026-01-17T02:19:41: ⨯ Error: Failed to load static file for page: /500 ENOENT: no such file or directory, open '/srv/lenvoyagev2/.next/server/pages/500.html'
2026-01-17T02:19:41:     at ignore-listed frames
2026-01-17T02:19:41: Error [InvariantError]: Invariant: The client reference manifest for route "/about" does not exist. This is a bug in Next.js.
2026-01-17T02:19:41:     at Object.get (.next/server/chunks/ssr/_07720ad9._.js:1:12854)
2026-01-17T02:19:41: ⨯ Error [InvariantError]: Invariant: The client reference manifest for route "/about" does not exist. This is a bug in Next.js.
2026-01-17T02:19:41:     at Object.get (.next/server/chunks/ssr/_07720ad9._.js:1:12854)
2026-01-17T02:19:41: ⨯ Error [InvariantError]: Invariant: The client reference manifest for route "/about" does not exist. This is a bug in Next.js.
2026-01-17T02:19:41:     at Object.get (.next/server/chunks/ssr/_07720ad9._.js:1:12854)
2026-01-17T02:19:41: ⨯ Error: Failed to load static file for page: /500 ENOENT: no such file or directory, open '/srv/lenvoyagev2/.next/server/pages/500.html'
2026-01-17T02:19:41:     at ignore-listed frames
2026-01-17T02:19:41: Error [InvariantError]: Invariant: The client reference manifest for route "/gallery" does not exist. This is a bug in Next.js.
2026-01-17T02:19:41:     at Object.get (.next/server/chunks/ssr/_07720ad9._.js:1:12854)
2026-01-17T02:19:41: ⨯ Error [InvariantError]: Invariant: The client reference manifest for route "/gallery" does not exist. This is a bug in Next.js.
2026-01-17T02:19:41:     at Object.get (.next/server/chunks/ssr/_07720ad9._.js:1:12854)
2026-01-17T02:19:41: ⨯ Error [InvariantError]: Invariant: The client reference manifest for route "/gallery" does not exist. This is a bug in Next.js.
2026-01-17T02:19:41:     at Object.get (.next/server/chunks/ssr/_07720ad9._.js:1:12854)
2026-01-17T02:19:41: ⨯ Error: Failed to load static file for page: /500 ENOENT: no such file or directory, open '/srv/lenvoyagev2/.next/server/pages/500.html'
2026-01-17T02:19:41:     at ignore-listed frames
2026-01-17T02:19:41: Error [InvariantError]: Invariant: The client reference manifest for route "/tours" does not exist. This is a bug in Next.js.
2026-01-17T02:19:41:     at Object.get (.next/server/chunks/ssr/_07720ad9._.js:1:12854)
2026-01-17T02:19:41: ⨯ Error [InvariantError]: Invariant: The client reference manifest for route "/tours" does not exist. This is a bug in Next.js.
2026-01-17T02:19:41:     at Object.get (.next/server/chunks/ssr/_07720ad9._.js:1:12854)
2026-01-17T02:19:41: ⨯ Error [InvariantError]: Invariant: The client reference manifest for route "/tours" does not exist. This is a bug in Next.js.
2026-01-17T02:19:41:     at Object.get (.next/server/chunks/ssr/_07720ad9._.js:1:12854)
2026-01-17T02:19:41: ⨯ Error: Failed to load static file for page: /500 ENOENT: no such file or directory, open '/srv/lenvoyagev2/.next/server/pages/500.html'
2026-01-17T02:19:41:     at ignore-listed frames
2026-01-17T02:19:42: Error [InvariantError]: Invariant: The client reference manifest for route "/tours" does not exist. This is a bug in Next.js.
2026-01-17T02:19:42:     at Object.get (.next/server/chunks/ssr/_07720ad9._.js:1:12854)
2026-01-17T02:19:42: ⨯ Error [InvariantError]: Invariant: The client reference manifest for route "/tours" does not exist. This is a bug in Next.js.
2026-01-17T02:19:42:     at Object.get (.next/server/chunks/ssr/_07720ad9._.js:1:12854)
2026-01-17T02:19:42: ⨯ Error [InvariantError]: Invariant: The client reference manifest for route "/tours" does not exist. This is a bug in Next.js.
2026-01-17T02:19:42:     at Object.get (.next/server/chunks/ssr/_07720ad9._.js:1:12854)
2026-01-17T02:19:42: ⨯ Error: Failed to load static file for page: /500 ENOENT: no such file or directory, open '/srv/lenvoyagev2/.next/server/pages/500.html'
2026-01-17T02:19:42:     at ignore-listed frames
2026-01-17T02:19:42: Error [InvariantError]: Invariant: The client reference manifest for route "/tours" does not exist. This is a bug in Next.js.
2026-01-17T02:19:42:     at Object.get (.next/server/chunks/ssr/_07720ad9._.js:1:12854)
2026-01-17T02:19:42: ⨯ Error [InvariantError]: Invariant: The client reference manifest for route "/tours" does not exist. This is a bug in Next.js.
2026-01-17T02:19:42:     at Object.get (.next/server/chunks/ssr/_07720ad9._.js:1:12854)
2026-01-17T02:19:42: ⨯ Error [InvariantError]: Invariant: The client reference manifest for route "/tours" does not exist. This is a bug in Next.js.
2026-01-17T02:19:42:     at Object.get (.next/server/chunks/ssr/_07720ad9._.js:1:12854)
2026-01-17T02:19:42: ⨯ Error: Failed to load static file for page: /500 ENOENT: no such file or directory, open '/srv/lenvoyagev2/.next/server/pages/500.html'
2026-01-17T02:19:42:     at ignore-listed frames
2026-01-17T02:19:46: Error [InvariantError]: Invariant: The client reference manifest for route "/tours" does not exist. This is a bug in Next.js.
2026-01-17T02:19:46:     at Object.get (.next/server/chunks/ssr/_07720ad9._.js:1:12854)
2026-01-17T02:19:46: ⨯ Error [InvariantError]: Invariant: The client reference manifest for route "/tours" does not exist. This is a bug in Next.js.
2026-01-17T02:19:46:     at Object.get (.next/server/chunks/ssr/_07720ad9._.js:1:12854)
2026-01-17T02:19:46: ⨯ Error [InvariantError]: Invariant: The client reference manifest for route "/tours" does not exist. This is a bug in Next.js.
2026-01-17T02:19:46:     at Object.get (.next/server/chunks/ssr/_07720ad9._.js:1:12854)
2026-01-17T02:19:46: ⨯ Error: Failed to load static file for page: /500 ENOENT: no such file or directory, open '/srv/lenvoyagev2/.next/server/pages/500.html'
2026-01-17T02:19:46:     at ignore-listed frames
2026-01-17T02:20:43: 
2026-01-17T02:20:43: > lensvoyagev2@0.1.0 start
2026-01-17T02:20:43: > next start
2026-01-17T02:20:43: 
2026-01-17T02:20:44: ▲ Next.js 16.1.1
2026-01-17T02:20:44: - Local:         http://localhost:3010
2026-01-17T02:20:44: - Network:       http://72.60.43.104:3010
2026-01-17T02:20:44: 
2026-01-17T02:20:44: ✓ Starting...
2026-01-17T02:20:45: ✓ Ready in 1311ms
2026-01-17T02:22:53: ⨯ Error: Cannot find module '/srv/lenvoyagev2/.next/server/middleware-manifest.json'
2026-01-17T02:22:53: Require stack:
2026-01-17T02:22:53: - /srv/lenvoyagev2/node_modules/next/dist/server/next-server.js
2026-01-17T02:22:53: - /srv/lenvoyagev2/node_modules/next/dist/server/next.js
2026-01-17T02:22:53: - /srv/lenvoyagev2/node_modules/next/dist/server/lib/start-server.js
2026-01-17T02:22:53: - /srv/lenvoyagev2/node_modules/next/dist/cli/next-start.js
2026-01-17T02:22:53:     at ignore-listed frames {
2026-01-17T02:22:53:   code: 'MODULE_NOT_FOUND',
2026-01-17T02:22:53:   requireStack: [Array]
2026-01-17T02:22:53: }
2026-01-17T02:22:56: ⨯ Error: ENOENT: no such file or directory, open '/srv/lenvoyagev2/.next/required-server-files.json'
2026-01-17T02:22:56:     at async Module.K (.next/server/chunks/ssr/_d20a669a._.js:1:1813) {
2026-01-17T02:22:56:   errno: -2,
2026-01-17T02:22:56:   code: 'ENOENT',
2026-01-17T02:22:56:   syscall: 'open',
2026-01-17T02:22:56:   path: '/srv/lenvoyagev2/.next/required-server-files.json'
2026-01-17T02:22:56: }
2026-01-17T02:22:56: ⨯ Error: Failed to load static file for page: /500 ENOENT: no such file or directory, open '/srv/lenvoyagev2/.next/server/pages/500.html'
2026-01-17T02:22:56:     at ignore-listed frames
2026-01-17T02:23:14: 
2026-01-17T02:23:14: > lensvoyagev2@0.1.0 start
2026-01-17T02:23:14: > next start
2026-01-17T02:23:14: 
2026-01-17T02:23:15: ▲ Next.js 16.1.1
2026-01-17T02:23:15: - Local:         http://localhost:3010
2026-01-17T02:23:15: - Network:       http://72.60.43.104:3010
2026-01-17T02:23:15: 
2026-01-17T02:23:15: ✓ Starting...
2026-01-17T02:23:16: ✓ Ready in 1226ms
2026-01-17T02:23:24: ✅ MongoDB connected successfully
2026-01-17T02:27:34: 
2026-01-17T02:27:34: > lensvoyagev2@0.1.0 start
2026-01-17T02:27:34: > next start
2026-01-17T02:27:34: 
2026-01-17T02:27:34: ▲ Next.js 16.1.1
2026-01-17T02:27:34: - Local:         http://localhost:3010
2026-01-17T02:27:34: - Network:       http://72.60.43.104:3010
2026-01-17T02:27:34: 
2026-01-17T02:27:34: ✓ Starting...
2026-01-17T02:27:35: ✓ Ready in 1269ms
2026-01-17T02:27:57: ✅ MongoDB connected successfully
2026-01-17T02:28:09: ⨯ The requested resource isn't a valid image for https://res.cloudinary.com/dtbt6yj4m/video/upload/v1768591575/lensvoyage/mqmdymfbuhyao2txetri.mp4 received null
2026-01-17T02:32:22: 
2026-01-17T02:32:22: > lensvoyagev2@0.1.0 start
2026-01-17T02:32:22: > next start
2026-01-17T02:32:22: 
2026-01-17T02:32:22: ▲ Next.js 16.1.1
2026-01-17T02:32:22: - Local:         http://localhost:3010
2026-01-17T02:32:22: - Network:       http://72.60.43.104:3010
2026-01-17T02:32:22: 
2026-01-17T02:32:22: ✓ Starting...
2026-01-17T02:32:23: ✓ Ready in 1363ms
2026-01-17T03:03:50: ✅ MongoDB connected successfully
2026-01-17T06:20:53: 
2026-01-17T06:20:53: > lensvoyagev2@0.1.0 start
2026-01-17T06:20:53: > next start
2026-01-17T06:20:53: 
2026-01-17T06:20:54: ▲ Next.js 16.1.1
2026-01-17T06:20:54: - Local:         http://localhost:3010
2026-01-17T06:20:54: - Network:       http://72.60.43.104:3010
2026-01-17T06:20:54: 
2026-01-17T06:20:54: ✓ Starting...
2026-01-17T06:20:56: ✓ Ready in 2.4s
2026-01-17T09:00:48: ✅ MongoDB connected successfully
2026-01-17T09:18:11: Fetching PDF from: https://res.cloudinary.com/dtbt6yj4m/raw/upload/v1768582994/lensvoyage/pdfs/file_bpgoko
2026-01-17T09:27:33: Fetching PDF from: https://res.cloudinary.com/dtbt6yj4m/raw/upload/v1768582994/lensvoyage/pdfs/file_bpgoko
2026-01-17T09:27:39: Fetching PDF from: https://res.cloudinary.com/dtbt6yj4m/raw/upload/v1768580851/lensvoyage/pdfs/pvp40bm8u7mi7v7zimmu.pdf
2026-01-17T09:27:39: PDF fetch failed: 401 Unauthorized
2026-01-17T09:28:26: Fetching PDF from: https://res.cloudinary.com/dtbt6yj4m/raw/upload/v1768616891/lensvoyage/pdfs/Test-pdf-1_xwf3wz.pdf
2026-01-17T09:28:27: PDF fetch failed: 401 Unauthorized
2026-01-17T09:28:36: Fetching PDF from: https://res.cloudinary.com/dtbt6yj4m/raw/upload/v1768616891/lensvoyage/pdfs/Test-pdf-1_xwf3wz.pdf
2026-01-17T09:28:37: PDF fetch failed: 401 OK
2026-01-17T18:19:43: Error: Failed to find Server Action "x". This request might be from an older or newer deployment.
2026-01-17T18:19:43: Read more: https://nextjs.org/docs/messages/failed-to-find-server-action
2026-01-17T18:19:43:     at ignore-listed frames
2026-01-18T00:00:16: 
2026-01-18T00:00:16: > lensvoyagev2@0.1.0 start
2026-01-18T00:00:16: > next start
2026-01-18T00:00:16: 
2026-01-18T00:00:18: ▲ Next.js 16.1.1
2026-01-18T00:00:18: - Local:         http://localhost:3010
2026-01-18T00:00:18: - Network:       http://72.60.43.104:3010
2026-01-18T00:00:18: 
2026-01-18T00:00:18: ✓ Starting...
2026-01-18T00:00:23: ✓ Ready in 6s
2026-01-18T01:32:22: ✅ MongoDB connected successfully
2026-01-18T01:52:09: Fetching PDF from: https://res.cloudinary.com/dtbt6yj4m/raw/upload/v1768580851/lensvoyage/pdfs/pvp40bm8u7mi7v7zimmu.pdf
2026-01-18T01:52:10: PDF fetch failed: 401 Unauthorized
2026-01-18T01:52:25: Fetching PDF from: https://res.cloudinary.com/dtbt6yj4m/raw/upload/v1768616891/lensvoyage/pdfs/Test-pdf-1_xwf3wz.pdf
2026-01-18T01:52:26: PDF fetch failed: 401 Unauthorized
2026-01-18T01:52:32: Fetching PDF from: https://res.cloudinary.com/dtbt6yj4m/raw/upload/v1768582994/lensvoyage/pdfs/file_bpgoko
2026-01-19T11:53:15: Fetching PDF from: https://res.cloudinary.com/dtbt6yj4m/raw/upload/v1768582994/lensvoyage/pdfs/file_bpgoko
2026-01-29T04:26:53: 
2026-01-29T04:26:53: > lensvoyagev2@0.1.0 start
2026-01-29T04:26:53: > next start
2026-01-29T04:26:53: 
2026-01-29T04:26:54: ▲ Next.js 16.1.1
2026-01-29T04:26:54: - Local:         http://localhost:3010
2026-01-29T04:26:54: - Network:       http://72.60.43.104:3010
2026-01-29T04:26:54: 
2026-01-29T04:26:54: ✓ Starting...
2026-01-29T04:26:55: ✓ Ready in 1311ms
2026-01-29T04:26:57: 
2026-01-29T04:26:57: > lensvoyagev2@0.1.0 start
2026-01-29T04:26:57: > next start
2026-01-29T04:26:57: 
2026-01-29T04:26:57: ▲ Next.js 16.1.1
2026-01-29T04:26:57: - Local:         http://localhost:3010
2026-01-29T04:26:57: - Network:       http://72.60.43.104:3010
2026-01-29T04:26:57: 
2026-01-29T04:26:57: ✓ Starting...
2026-01-29T04:26:57: ✓ Ready in 621ms
2026-01-29T16:28:51: ✅ MongoDB connected successfully
2026-01-29T18:38:16: Fetching PDF from: https://res.cloudinary.com/dtbt6yj4m/raw/upload/v1768582994/lensvoyage/pdfs/file_bpgoko
2026-01-30T13:45:29: Error: Failed to find Server Action "pMGZvZHXFWoJARcK". This request might be from an older or newer deployment.
2026-01-30T13:45:29: Read more: https://nextjs.org/docs/messages/failed-to-find-server-action
2026-01-30T13:45:29:     at ignore-listed frames
2026-01-30T15:03:29: Fetching PDF from: https://res.cloudinary.com/dtbt6yj4m/raw/upload/v1768582994/lensvoyage/pdfs/file_bpgoko
2026-01-30T15:25:07: Fetching PDF from: https://res.cloudinary.com/dtbt6yj4m/raw/upload/v1768582994/lensvoyage/pdfs/file_bpgoko
2026-01-30T15:28:01: Fetching PDF from: https://res.cloudinary.com/dtbt6yj4m/raw/upload/v1769761657/lensvoyage/pdfs/KGZ-7_days__6_nights._a02ltd.pdf
2026-01-30T15:28:02: PDF fetch failed: 401 OK
2026-01-30T15:28:33: Fetching PDF from: https://res.cloudinary.com/dtbt6yj4m/raw/upload/v1768616891/lensvoyage/pdfs/Test-pdf-1_xwf3wz.pdf
2026-01-30T15:28:33: PDF fetch failed: 401 OK
2026-01-30T15:29:41: Fetching PDF from: https://res.cloudinary.com/dtbt6yj4m/raw/upload/v1768616891/lensvoyage/pdfs/Test-pdf-1_xwf3wz.pdf
2026-01-30T15:29:41: PDF fetch failed: 401 Unauthorized
2026-01-30T15:30:27: Fetching PDF from: https://res.cloudinary.com/dtbt6yj4m/raw/upload/v1769761657/lensvoyage/pdfs/KGZ-7_days__6_nights._a02ltd.pdf
2026-01-30T15:30:27: PDF fetch failed: 401 Unauthorized
2026-01-30T19:46:05: Fetching PDF from: https://res.cloudinary.com/dtbt6yj4m/raw/upload/v1769761657/lensvoyage/pdfs/KGZ-7_days__6_nights._a02ltd.pdf
2026-01-30T19:46:06: PDF fetch failed: 401 Unauthorized
2026-01-30T19:47:14: Fetching PDF from: https://res.cloudinary.com/dtbt6yj4m/raw/upload/v1769761657/lensvoyage/pdfs/KGZ-7_days__6_nights._a02ltd.pdf
2026-01-30T19:47:15: PDF fetch failed: 401 Unauthorized
2026-01-30T19:47:54: Fetching PDF from: https://res.cloudinary.com/dtbt6yj4m/raw/upload/v1769761657/lensvoyage/pdfs/KGZ-7_days__6_nights._a02ltd.pdf
2026-01-30T19:47:54: PDF fetch failed: 401 Unauthorized
2026-01-30T19:48:17: Fetching PDF from: https://res.cloudinary.com/dtbt6yj4m/raw/upload/v1769761657/lensvoyage/pdfs/KGZ-7_days__6_nights._a02ltd.pdf
2026-01-30T19:48:17: PDF fetch failed: 401 Unauthorized
2026-01-30T19:51:53: Fetching PDF from: https://res.cloudinary.com/dtbt6yj4m/raw/upload/v1769777507/lensvoyage/pdfs/1.Land_Doc___Kyrgyzstan_NEW_-_Google_Docs_wcu9pk.pdf
2026-01-30T19:51:54: PDF fetch failed: 401 OK
2026-01-30T19:52:04: Fetching PDF from: https://res.cloudinary.com/dtbt6yj4m/raw/upload/v1768582994/lensvoyage/pdfs/file_bpgoko
2026-01-30T19:53:06: Fetching PDF from: https://res.cloudinary.com/dtbt6yj4m/raw/upload/v1769777507/lensvoyage/pdfs/1.Land_Doc___Kyrgyzstan_NEW_-_Google_Docs_wcu9pk.pdf
2026-01-30T19:53:07: PDF fetch failed: 401 OK
2026-01-30T19:55:30: Fetching PDF from: https://res.cloudinary.com/dtbt6yj4m/raw/upload/v1769777507/lensvoyage/pdfs/1.Land_Doc___Kyrgyzstan_NEW_-_Google_Docs_wcu9pk.pdf
2026-01-30T19:55:31: PDF fetch failed: 401 Unauthorized
2026-01-30T20:00:50: Fetching PDF from: https://res.cloudinary.com/dtbt6yj4m/raw/upload/v1769778042/lensvoyage/pdfs/GOGRAPHY_MASTER_SOP_zsscms.pdf
2026-01-30T20:00:50: PDF fetch failed: 401 OK
2026-02-06T21:13:06: Fetching PDF from: https://res.cloudinary.com/dtbt6yj4m/raw/upload/v1769778042/lensvoyage/pdfs/GOGRAPHY_MASTER_SOP_zsscms.pdf
2026-02-06T21:13:06: PDF fetch failed: 401 OK
2026-02-06T21:13:33: Fetching PDF from: https://res.cloudinary.com/dtbt6yj4m/raw/upload/v1770387206/lensvoyage/pdfs/Handbook_Head_of_Operation_vrurac.pdf
2026-02-06T21:13:34: PDF fetch failed: 401 OK
2026-02-06T21:13:43: Fetching PDF from: https://res.cloudinary.com/dtbt6yj4m/raw/upload/v1770387206/lensvoyage/pdfs/Handbook_Head_of_Operation_vrurac.pdf
2026-02-06T21:13:43: PDF fetch failed: 401 OK
2026-02-06T21:13:46: Fetching PDF from: https://res.cloudinary.com/dtbt6yj4m/raw/upload/v1768582994/lensvoyage/pdfs/file_bpgoko
2026-02-06T21:13:49: Fetching PDF from: https://res.cloudinary.com/dtbt6yj4m/raw/upload/v1768616891/lensvoyage/pdfs/Test-pdf-1_xwf3wz.pdf
2026-02-06T21:13:50: PDF fetch failed: 401 OK
2026-02-06T21:14:49: Fetching PDF from: https://res.cloudinary.com/dtbt6yj4m/raw/upload/v1768616891/lensvoyage/pdfs/Test-pdf-1_xwf3wz.pdf
2026-02-06T21:14:50: PDF fetch failed: 401 Unauthorized
2026-02-06T21:16:16: Fetching PDF from: https://res.cloudinary.com/dtbt6yj4m/raw/upload/v1768616891/lensvoyage/pdfs/Test-pdf-1_xwf3wz.pdf
2026-02-06T21:16:17: PDF fetch failed: 401 Unauthorized
2026-02-07T19:02:57: Fetching PDF from: https://res.cloudinary.com/dtbt6yj4m/raw/upload/v1768582994/lensvoyage/pdfs/file_bpgoko
2026-02-07T19:03:00: Fetching PDF from: https://res.cloudinary.com/dtbt6yj4m/raw/upload/v1768616891/lensvoyage/pdfs/Test-pdf-1_xwf3wz.pdf
2026-02-07T19:03:00: PDF fetch failed: 401 OK
2026-02-07T19:14:28: Fetching PDF from: https://res.cloudinary.com/dtbt6yj4m/raw/upload/v1770387206/lensvoyage/pdfs/Handbook_Head_of_Operation_vrurac.pdf
2026-02-07T19:14:28: PDF fetch failed: 401 OK
2026-02-07T19:19:12: 
2026-02-07T19:19:12: > lensvoyagev2@0.1.0 start
2026-02-07T19:19:12: > next start
2026-02-07T19:19:12: 
2026-02-07T19:19:13: ▲ Next.js 16.1.1
2026-02-07T19:19:13: - Local:         http://localhost:3010
2026-02-07T19:19:13: - Network:       http://72.60.43.104:3010
2026-02-07T19:19:13: 
2026-02-07T19:19:13: ✓ Starting...
2026-02-07T19:19:15: ✓ Ready in 2.1s
2026-02-07T19:47:41: Fetching PDF from: https://res.cloudinary.com/dtbt6yj4m/raw/upload/v1770387206/lensvoyage/pdfs/Handbook_Head_of_Operation_vrurac.pdf
2026-02-07T19:47:41: PDF fetch failed: 401 OK
2026-02-07T19:47:44: Fetching PDF from: https://res.cloudinary.com/dtbt6yj4m/raw/upload/v1770387206/lensvoyage/pdfs/Handbook_Head_of_Operation_vrurac.pdf
2026-02-07T19:47:44: PDF fetch failed: 401 OK
2026-02-07T20:07:38: 
2026-02-07T20:07:38: > lensvoyagev2@0.1.0 start
2026-02-07T20:07:38: > next start
2026-02-07T20:07:38: 
2026-02-07T20:07:39: ▲ Next.js 16.1.1
2026-02-07T20:07:39: - Local:         http://localhost:3010
2026-02-07T20:07:39: - Network:       http://72.60.43.104:3010
2026-02-07T20:07:39: 
2026-02-07T20:07:39: ✓ Starting...
2026-02-07T20:07:39: ✓ Ready in 560ms
2026-02-07T20:16:06: 
2026-02-07T20:16:06: > lensvoyagev2@0.1.0 start
2026-02-07T20:16:06: > next start
2026-02-07T20:16:06: 
2026-02-07T20:16:06: ▲ Next.js 16.1.1
2026-02-07T20:16:06: - Local:         http://localhost:3010
2026-02-07T20:16:06: - Network:       http://72.60.43.104:3010
2026-02-07T20:16:06: 
2026-02-07T20:16:06: ✓ Starting...
2026-02-07T20:16:06: ✓ Ready in 546ms
2026-02-07T20:16:24: ✅ MongoDB connected successfully
2026-02-07T20:17:57: 
2026-02-07T20:17:57: > lensvoyagev2@0.1.0 start
2026-02-07T20:17:57: > next start
2026-02-07T20:17:57: 
2026-02-07T20:17:57: ▲ Next.js 16.1.1
2026-02-07T20:17:57: - Local:         http://localhost:3010
2026-02-07T20:17:57: - Network:       http://72.60.43.104:3010
2026-02-07T20:17:57: 
2026-02-07T20:17:57: ✓ Starting...
2026-02-07T20:17:58: ✓ Ready in 592ms
2026-02-07T20:18:07: ✅ MongoDB connected successfully
2026-02-07T20:20:13: 
2026-02-07T20:20:13: > lensvoyagev2@0.1.0 start
2026-02-07T20:20:13: > next start
2026-02-07T20:20:13: 
2026-02-07T20:20:13: ▲ Next.js 16.1.1
2026-02-07T20:20:13: - Local:         http://localhost:3010
2026-02-07T20:20:13: - Network:       http://72.60.43.104:3010
2026-02-07T20:20:13: 
2026-02-07T20:20:13: ✓ Starting...
2026-02-07T20:20:14: ✓ Ready in 754ms
2026-02-07T20:20:42: Upload error: Error: Resolved credential object is not valid
2026-02-07T20:20:42:     at ignore-listed frames {
2026-02-07T20:20:42:   '$metadata': [Object]
2026-02-07T20:20:42: }
