2026-02-11T17:57:31: 
2026-02-11T17:57:31: > lensvoyagev2@0.1.0 start
2026-02-11T17:57:31: > next start
2026-02-11T17:57:31: 
2026-02-11T17:57:32: ▲ Next.js 16.1.1
2026-02-11T17:57:32: - Local:         http://localhost:3010
2026-02-11T17:57:32: - Network:       http://72.60.43.104:3010
2026-02-11T17:57:32: 
2026-02-11T17:57:32: ✓ Starting...
2026-02-11T17:57:33: ✓ Ready in 1477ms
2026-02-11T17:58:54: ✅ MongoDB connected successfully
2026-02-11T18:03:08: 
2026-02-11T18:03:08: > lensvoyagev2@0.1.0 start
2026-02-11T18:03:08: > next start
2026-02-11T18:03:08: 
2026-02-11T18:03:09: ▲ Next.js 16.1.1
2026-02-11T18:03:09: - Local:         http://localhost:3010
2026-02-11T18:03:09: - Network:       http://72.60.43.104:3010
2026-02-11T18:03:09: 
2026-02-11T18:03:09: ✓ Starting...
2026-02-11T18:03:09: ✓ Ready in 587ms
2026-02-11T18:07:26: 
2026-02-11T18:07:26: > lensvoyagev2@0.1.0 start
2026-02-11T18:07:26: > next start
2026-02-11T18:07:26: 
2026-02-11T18:07:26: ▲ Next.js 16.1.1
2026-02-11T18:07:26: - Local:         http://localhost:3010
2026-02-11T18:07:26: - Network:       http://72.60.43.104:3010
2026-02-11T18:07:26: 
2026-02-11T18:07:26: ✓ Starting...
2026-02-11T18:07:26: ✓ Ready in 564ms
2026-02-11T18:07:39: ✅ MongoDB connected successfully
2026-02-11T18:12:28: 
2026-02-11T18:12:28: > lensvoyagev2@0.1.0 start
2026-02-11T18:12:28: > next start
2026-02-11T18:12:28: 
2026-02-11T18:12:28: ▲ Next.js 16.1.1
2026-02-11T18:12:28: - Local:         http://localhost:3010
2026-02-11T18:12:28: - Network:       http://72.60.43.104:3010
2026-02-11T18:12:28: 
2026-02-11T18:12:28: ✓ Starting...
2026-02-11T18:12:28: ✓ Ready in 567ms
2026-02-11T18:12:54: ✅ MongoDB connected successfully
2026-02-11T18:13:48: 
2026-02-11T18:13:48: > lensvoyagev2@0.1.0 start
2026-02-11T18:13:48: > next start
2026-02-11T18:13:48: 
2026-02-11T18:13:48: ▲ Next.js 16.1.1
2026-02-11T18:13:48: - Local:         http://localhost:3010
2026-02-11T18:13:48: - Network:       http://72.60.43.104:3010
2026-02-11T18:13:48: 
2026-02-11T18:13:48: ✓ Starting...
2026-02-11T18:13:48: ✓ Ready in 498ms
2026-02-11T18:15:13: 
2026-02-11T18:15:13: > lensvoyagev2@0.1.0 start
2026-02-11T18:15:13: > next start
2026-02-11T18:15:13: 
2026-02-11T18:15:14: ▲ Next.js 16.1.1
2026-02-11T18:15:14: - Local:         http://localhost:3010
2026-02-11T18:15:14: - Network:       http://72.60.43.104:3010
2026-02-11T18:15:14: 
2026-02-11T18:15:14: ✓ Starting...
2026-02-11T18:15:14: ✓ Ready in 498ms
2026-02-11T18:16:07: ✅ MongoDB connected successfully
2026-02-11T18:21:11: 
2026-02-11T18:21:11: > lensvoyagev2@0.1.0 start
2026-02-11T18:21:11: > next start
2026-02-11T18:21:11: 
2026-02-11T18:21:11: ▲ Next.js 16.1.1
2026-02-11T18:21:11: - Local:         http://localhost:3010
2026-02-11T18:21:11: - Network:       http://72.60.43.104:3010
2026-02-11T18:21:11: 
2026-02-11T18:21:11: ✓ Starting...
2026-02-11T18:21:11: ✓ Ready in 752ms
2026-02-11T18:22:00: ✅ MongoDB connected successfully
2026-02-11T18:25:14: 
2026-02-11T18:25:14: > lensvoyagev2@0.1.0 start
2026-02-11T18:25:14: > next start
2026-02-11T18:25:14: 
2026-02-11T18:25:14: ▲ Next.js 16.1.1
2026-02-11T18:25:14: - Local:         http://localhost:3010
2026-02-11T18:25:14: - Network:       http://72.60.43.104:3010
2026-02-11T18:25:14: 
2026-02-11T18:25:14: ✓ Starting...
2026-02-11T18:25:15: ✓ Ready in 690ms
2026-02-11T18:25:21: ✅ MongoDB connected successfully
2026-02-11T18:27:11: 
2026-02-11T18:27:11: > lensvoyagev2@0.1.0 start
2026-02-11T18:27:11: > next start
2026-02-11T18:27:11: 
2026-02-11T18:27:11: ▲ Next.js 16.1.1
2026-02-11T18:27:11: - Local:         http://localhost:3010
2026-02-11T18:27:11: - Network:       http://72.60.43.104:3010
2026-02-11T18:27:11: 
2026-02-11T18:27:11: ✓ Starting...
2026-02-11T18:27:11: ✓ Ready in 482ms
2026-02-11T18:30:24: ✅ MongoDB connected successfully
